20141009125632
$ git clone "ssh://git@ec2-54-64-231-188.ap-northeast-1.compute.amazonaws.com:/opt/git/chi/chi.git" "/var/www/chisincheese.com/releases/20141009125842" --branch="master" --depth="1"
Cloning into '/var/www/chisincheese.com/releases/20141009125842'...
$ cd /var/www/chisincheese.com/releases/20141009125842
$ git submodule update --init --recursive


$ cd /var/www/chisincheese.com/releases/20141009125842
$ /usr/local/bin/composer install --no-interaction --no-dev --prefer-dist
Loading composer repositories with package information
Installing dependencies
  - Installing doctrine/lexer (v1.0)
    Loading from cache

  - Installing doctrine/annotations (v1.2.1)
    Loading from cache

  - Installing doctrine/collections (v1.2)
    Loading from cache

  - Installing doctrine/cache (v1.3.1)
    Loading from cache

  - Installing doctrine/inflector (v1.0)
    Loading from cache

  - Installing doctrine/common (v2.4.2)
    Loading from cache

  - Installing doctrine/dbal (v2.4.2)
    Loading from cache

  - Installing symfony/translation (v2.5.5)
    Loading from cache

  - Installing symfony/security-core (v2.5.5)
    Loading from cache

  - Installing symfony/routing (v2.5.5)
    Loading from cache

  - Installing symfony/process (v2.5.5)
    Loading from cache

  - Installing psr/log (1.0.0)
    Loading from cache

  - Installing symfony/debug (v2.5.5)
    Loading from cache

  - Installing symfony/http-foundation (v2.5.5)
    Loading from cache

  - Installing symfony/event-dispatcher (v2.5.5)
    Loading from cache

  - Installing symfony/http-kernel (v2.5.5)
    Loading from cache

  - Installing symfony/finder (v2.5.5)
    Loading from cache

  - Installing symfony/dom-crawler (v2.5.5)
    Loading from cache

  - Installing symfony/css-selector (v2.5.5)
    Loading from cache

  - Installing symfony/console (v2.5.5)
    Loading from cache

  - Installing symfony/browser-kit (v2.5.5)
    Loading from cache

  - Installing swiftmailer/swiftmailer (v5.3.0)
    Loading from cache

  - Installing stack/builder (v1.0.2)
    Loading from cache

  - Installing predis/predis (v0.8.7)
    Loading from cache

  - Installing phpseclib/phpseclib (0.3.8)
    Loading from cache

  - Installing patchwork/utf8 (v1.1.25)
    Loading from cache

  - Installing nesbot/carbon (1.13.0)
    Loading from cache

  - Installing monolog/monolog (1.11.0)
    Loading from cache

  - Installing nikic/php-parser (v0.9.5)
    Loading from cache

  - Installing jeremeamia/superclosure (1.0.1)
    Loading from cache

  - Installing filp/whoops (1.1.2)
    Loading from cache

  - Installing ircmaxell/password-compat (1.0.3)
    Loading from cache

  - Installing d11wtq/boris (v1.0.8)
    Loading from cache

  - Installing symfony/filesystem (v2.5.5)
    Loading from cache

  - Installing classpreloader/classpreloader (1.0.2)
    Loading from cache

  - Installing laravel/framework (v4.2.11)
    Loading from cache

Writing lock file
Generating autoload files
Generating optimized class loader
Compiling common classes
Compiling views



$ cd /var/www/chisincheese.com/releases/20141009125842
$ sudo chmod -R 755 /var/www/chisincheese.com/releases/20141009125842/app/database/production.sqlite
$ sudo chmod -R g+s /var/www/chisincheese.com/releases/20141009125842/app/database/production.sqlite
$ sudo chown -R www-data:www-data /var/www/chisincheese.com/releases/20141009125842/app/database/production.sqlite
chmod: cannot access ‘/var/www/chisincheese.com/releases/20141009125842/app/database/production.sqlite’: No such file or directory
$ cd /var/www/chisincheese.com/releases/20141009125842
$ sudo chmod -R 755 /var/www/chisincheese.com/releases/20141009125842/app/storage
$ sudo chmod -R g+s /var/www/chisincheese.com/releases/20141009125842/app/storage
$ sudo chown -R www-data:www-data /var/www/chisincheese.com/releases/20141009125842/app/storage

$ cd /var/www/chisincheese.com/releases/20141009125842
$ sudo chmod -R 755 /var/www/chisincheese.com/releases/20141009125842/public
$ sudo chmod -R g+s /var/www/chisincheese.com/releases/20141009125842/public
$ sudo chown -R www-data:www-data /var/www/chisincheese.com/releases/20141009125842/public

$ mv /var/www/chisincheese.com/releases/20141009125842/app/storage/logs /var/www/chisincheese.com/shared/app/storage/logs
mv: cannot move ‘/var/www/chisincheese.com/releases/20141009125842/app/storage/logs’ to ‘/var/www/chisincheese.com/shared/app/storage/logs’: Permission denied
$ mv /var/www/chisincheese.com/releases/20141009125842/app/storage/logs /var/www/chisincheese.com/shared/app/storage/logs
mv: cannot move ‘/var/www/chisincheese.com/releases/20141009125842/app/storage/logs’ to ‘/var/www/chisincheese.com/shared/app/storage/logs’: Permission denied
$ rm -rf /var/www/chisincheese.com/releases/20141009125842/app/storage/logs
rm: cannot remove ‘/var/www/chisincheese.com/releases/20141009125842/app/storage/logs/.gitignore’: Permission denied
$ ln -s /var/www/chisincheese.com/shared/app/storage/logs /var/www/chisincheese.com/releases/20141009125842/app/storage/logs
ln: failed to create symbolic link ‘/var/www/chisincheese.com/releases/20141009125842/app/storage/logs/logs’: Permission denied
$ mv /var/www/chisincheese.com/releases/20141009125842/app/storage/sessions /var/www/chisincheese.com/shared/app/storage/sessions
mv: cannot move ‘/var/www/chisincheese.com/releases/20141009125842/app/storage/sessions’ to ‘/var/www/chisincheese.com/shared/app/storage/sessions’: Permission denied
$ mv /var/www/chisincheese.com/releases/20141009125842/app/storage/sessions /var/www/chisincheese.com/shared/app/storage/sessions
mv: cannot move ‘/var/www/chisincheese.com/releases/20141009125842/app/storage/sessions’ to ‘/var/www/chisincheese.com/shared/app/storage/sessions’: Permission denied
$ rm -rf /var/www/chisincheese.com/releases/20141009125842/app/storage/sessions
rm: cannot remove ‘/var/www/chisincheese.com/releases/20141009125842/app/storage/sessions/.gitignore’: Permission denied
$ ln -s /var/www/chisincheese.com/shared/app/storage/sessions /var/www/chisincheese.com/releases/20141009125842/app/storage/sessions
ln: failed to create symbolic link ‘/var/www/chisincheese.com/releases/20141009125842/app/storage/sessions/sessions’: Permission denied
$ rm -rf /var/www/chisincheese.com/current

$ ln -s /var/www/chisincheese.com/releases/20141009125842 /var/www/chisincheese.com/current

|=> No releases to prune from the server